// Jest Snapshot v1, https://goo.gl/fbAQLP

exports[`It should render component correctly 1`] = `
<RCTSafeAreaView
  emulateUnlessSupported={true}
  style={
    Object {
      "alignItems": "center",
      "backgroundColor": "red",
      "flex": 1,
      "justifyContent": "center",
    }
  }
>
  <Image
    source={
      Object {
        "testUri": "../../../imgs/ic_logo.png",
      }
    }
    style={
      Object {
        "height": 200,
        "width": 200,
      }
    }
  />
</RCTSafeAreaView>
`;

exports[`It should render image logo correctly 1`] = `
<Image
  style={
    Object {
      "height": 240,
      "width": 320,
    }
  }
/>
`;

exports[`render correctly 1`] = `
<RCTSafeAreaView
  emulateUnlessSupported={true}
  style={
    Object {
      "alignItems": "center",
      "backgroundColor": "red",
      "flex": 1,
      "justifyContent": "center",
    }
  }
>
  <Image
    source={
      Object {
        "testUri": "../../../imgs/ic_logo.png",
      }
    }
    style={
      Object {
        "height": 200,
        "width": 200,
      }
    }
  />
</RCTSafeAreaView>
`;
